2025-06-13 17:18:21  WM_QUERYENDSESSION (lParam: 0 - ordinary system shutdown/restart) =====================================
2025-06-13 17:18:21  WM_ENDSESSION (wParam: TRUE, lParam: 0 - ordinary system shutdown/restart)
2025-06-13 17:18:22  D:\Program Files\notepad\config.xml is opened.
2025-06-13 17:18:22  D:\Program Files\notepad\config.xml  10449/10449 bytes are written.
2025-06-13 17:18:22  D:\Program Files\notepad\config.xml is closed.
2025-06-13 17:18:22  D:\Program Files\notepad\session.xml is opened.
2025-06-13 17:18:22  D:\Program Files\notepad\session.xml  39449/39449 bytes are written.
2025-06-13 17:18:22  D:\Program Files\notepad\session.xml is closed.
2025-06-13 17:18:22  WM_DESTROY (isEndSessionStarted == true)
2025-06-14 12:14:45  WM_QUERYENDSESSION (lParam: 0 - ordinary system shutdown/restart) =====================================
2025-06-14 12:14:45  WM_ENDSESSION (wParam: TRUE, lParam: 0 - ordinary system shutdown/restart)
2025-06-14 12:14:46  D:\Program Files\notepad\config.xml is opened.
2025-06-14 12:14:46  D:\Program Files\notepad\config.xml  10450/10450 bytes are written.
2025-06-14 12:14:46  D:\Program Files\notepad\config.xml is closed.
2025-06-14 12:14:46  D:\Program Files\notepad\session.xml is opened.
2025-06-14 12:14:46  D:\Program Files\notepad\session.xml  39449/39449 bytes are written.
2025-06-14 12:14:46  D:\Program Files\notepad\session.xml is closed.
2025-06-14 12:14:46  WM_DESTROY (isEndSessionStarted == true)
2025-06-15 14:57:49  WM_QUERYENDSESSION (lParam: 1073741824 - ENDSESSION_CRITICAL) =====================================
2025-06-15 14:57:49  WM_ENDSESSION (wParam: TRUE, lParam: 1073741824 - ENDSESSION_CRITICAL)
2025-06-15 14:57:50  D:\Program Files\notepad\config.xml is opened.
2025-06-15 14:57:50  D:\Program Files\notepad\config.xml  10442/10442 bytes are written.
2025-06-15 14:57:50  D:\Program Files\notepad\config.xml is closed.
2025-06-15 14:57:50  D:\Program Files\notepad\session.xml is opened.
2025-06-15 14:57:50  D:\Program Files\notepad\session.xml  39720/39720 bytes are written.
2025-06-15 14:57:50  D:\Program Files\notepad\session.xml is closed.
2025-06-15 14:57:50  WM_DESTROY (isEndSessionStarted == true)
2025-06-17 23:30:17  WM_QUERYENDSESSION (lParam: 0 - ordinary system shutdown/restart) =====================================
2025-06-17 23:30:17  WM_ENDSESSION (wParam: TRUE, lParam: 0 - ordinary system shutdown/restart)
2025-06-17 23:30:17  D:\Program Files\notepad\config.xml is opened.
2025-06-17 23:30:17  D:\Program Files\notepad\config.xml  10653/10653 bytes are written.
2025-06-17 23:30:17  D:\Program Files\notepad\config.xml is closed.
2025-06-17 23:30:17  D:\Program Files\notepad\session.xml is opened.
2025-06-17 23:30:17  D:\Program Files\notepad\session.xml  39573/39573 bytes are written.
2025-06-17 23:30:17  D:\Program Files\notepad\session.xml is closed.
2025-06-17 23:30:17  WM_DESTROY (isEndSessionStarted == true)
2025-06-22 22:48:51  WM_QUERYENDSESSION (lParam: 1073741824 - ENDSESSION_CRITICAL) =====================================
2025-06-22 22:48:52  WM_ENDSESSION (wParam: TRUE, lParam: 1073741824 - ENDSESSION_CRITICAL)
2025-06-22 22:48:53  D:\Program Files\notepad\config.xml is opened.
2025-06-22 22:48:53  D:\Program Files\notepad\config.xml  10607/10607 bytes are written.
2025-06-22 22:48:53  D:\Program Files\notepad\config.xml is closed.
2025-06-22 22:48:53  D:\Program Files\notepad\session.xml is opened.
2025-06-22 22:48:53  D:\Program Files\notepad\session.xml  40417/40417 bytes are written.
2025-06-22 22:48:53  D:\Program Files\notepad\session.xml is closed.
2025-06-22 22:48:53  WM_DESTROY (isEndSessionStarted == true)
2025-06-24 21:25:51  WM_QUERYENDSESSION (lParam: 1073741824 - ENDSESSION_CRITICAL) =====================================
2025-06-24 21:25:52  WM_ENDSESSION (wParam: TRUE, lParam: 1073741824 - ENDSESSION_CRITICAL)
2025-06-24 21:25:53  D:\Program Files\notepad\config.xml is opened.
2025-06-24 21:25:53  D:\Program Files\notepad\config.xml  10654/10654 bytes are written.
2025-06-24 21:25:53  D:\Program Files\notepad\config.xml is closed.
2025-06-24 21:25:53  D:\Program Files\notepad\session.xml is opened.
2025-06-24 21:25:53  D:\Program Files\notepad\session.xml  40409/40409 bytes are written.
2025-06-24 21:25:53  D:\Program Files\notepad\session.xml is closed.
2025-06-30 13:59:15  WM_QUERYENDSESSION (lParam: 0 - ordinary system shutdown/restart) =====================================
2025-06-30 13:59:15  WM_ENDSESSION (wParam: TRUE, lParam: 0 - ordinary system shutdown/restart)
2025-06-30 13:59:16  D:\Program Files\notepad++\config.xml is opened.
2025-06-30 13:59:16  D:\Program Files\notepad++\config.xml  10650/10650 bytes are written.
2025-06-30 13:59:16  D:\Program Files\notepad++\config.xml is closed.
2025-06-30 13:59:16  D:\Program Files\notepad++\session.xml is opened.
2025-06-30 13:59:16  D:\Program Files\notepad++\session.xml  40681/40681 bytes are written.
2025-06-30 13:59:16  D:\Program Files\notepad++\session.xml is closed.
2025-06-30 13:59:16  WM_DESTROY (isEndSessionStarted == true)
2025-06-30 18:18:02  WM_QUERYENDSESSION (lParam: 0 - ordinary system shutdown/restart) =====================================
2025-06-30 18:18:02  WM_ENDSESSION (wParam: TRUE, lParam: 0 - ordinary system shutdown/restart)
2025-06-30 18:18:03  D:\Program Files\notepad++\config.xml is opened.
2025-06-30 18:18:03  D:\Program Files\notepad++\config.xml  10660/10660 bytes are written.
2025-06-30 18:18:03  D:\Program Files\notepad++\config.xml is closed.
2025-06-30 18:18:03  D:\Program Files\notepad++\session.xml is opened.
2025-06-30 18:18:03  D:\Program Files\notepad++\session.xml  40675/40675 bytes are written.
2025-06-30 18:18:03  D:\Program Files\notepad++\session.xml is closed.
2025-06-30 18:18:03  WM_DESTROY (isEndSessionStarted == true)
2025-07-01 03:21:30  WM_QUERYENDSESSION (lParam: 1073741825 - ENDSESSION_CLOSEAPP - ENDSESSION_CRITICAL) =====================================
2025-07-01 03:21:30  WM_ENDSESSION (wParam: TRUE, lParam: 1073741825 - ENDSESSION_CLOSEAPP - ENDSESSION_CRITICAL)
2025-07-01 03:21:30  D:\Program Files\notepad++\config.xml is opened.
2025-07-01 03:21:30  D:\Program Files\notepad++\config.xml  10661/10661 bytes are written.
2025-07-01 03:21:30  D:\Program Files\notepad++\config.xml is closed.
2025-07-01 03:21:30  D:\Program Files\notepad++\session.xml is opened.
2025-07-01 03:21:30  D:\Program Files\notepad++\session.xml  40773/40773 bytes are written.
2025-07-01 03:21:30  D:\Program Files\notepad++\session.xml is closed.
2025-07-01 03:21:30  WM_DESTROY (isEndSessionStarted == true)
2025-07-03 08:34:30  WM_QUERYENDSESSION (lParam: 0 - ordinary system shutdown/restart) =====================================
2025-07-03 08:34:31  WM_ENDSESSION (wParam: TRUE, lParam: 0 - ordinary system shutdown/restart)
2025-07-03 08:34:34  D:\Program Files\notepad++\config.xml is opened.
2025-07-03 08:34:34  D:\Program Files\notepad++\config.xml  9244/9244 bytes are written.
2025-07-03 08:34:34  D:\Program Files\notepad++\config.xml is closed.
2025-07-03 08:34:34  D:\Program Files\notepad++\session.xml is opened.
2025-07-03 08:34:34  D:\Program Files\notepad++\session.xml  40601/40601 bytes are written.
2025-07-03 08:34:34  D:\Program Files\notepad++\session.xml is closed.
2025-07-04 17:48:33  WM_QUERYENDSESSION (lParam: 0 - ordinary system shutdown/restart) =====================================
2025-07-04 17:48:33  WM_ENDSESSION (wParam: TRUE, lParam: 0 - ordinary system shutdown/restart)
2025-07-04 17:48:34  D:\Program Files\notepad++\backup\极光工作日志2021.txt@2025-07-04_174834 is opened.
2025-07-04 17:48:34  D:\Program Files\notepad++\backup\极光工作日志2021.txt@2025-07-04_174834  116612/116612 bytes are written.
2025-07-04 17:48:34  D:\Program Files\notepad++\backup\极光工作日志2021.txt@2025-07-04_174834 is closed.
2025-07-04 17:48:34  D:\Program Files\notepad++\session.xml is opened.
2025-07-04 17:48:34  D:\Program Files\notepad++\session.xml  40656/40656 bytes are written.
2025-07-04 17:48:34  D:\Program Files\notepad++\session.xml is closed.
2025-07-04 17:48:34  D:\Program Files\notepad++\config.xml is opened.
2025-07-04 17:48:34  D:\Program Files\notepad++\config.xml  9173/9173 bytes are written.
2025-07-04 17:48:34  D:\Program Files\notepad++\config.xml is closed.
2025-07-04 17:48:34  D:\Program Files\notepad++\session.xml is opened.
2025-07-04 17:48:34  D:\Program Files\notepad++\session.xml  40547/40547 bytes are written.
2025-07-04 17:48:34  D:\Program Files\notepad++\session.xml is closed.
2025-07-04 18:38:08  WM_QUERYENDSESSION (lParam: 0 - ordinary system shutdown/restart) =====================================
2025-07-04 18:38:08  WM_ENDSESSION (wParam: TRUE, lParam: 0 - ordinary system shutdown/restart)
2025-07-04 18:38:09  D:\Program Files\notepad++\config.xml is opened.
2025-07-04 18:38:09  D:\Program Files\notepad++\config.xml  9173/9173 bytes are written.
2025-07-04 18:38:09  D:\Program Files\notepad++\config.xml is closed.
2025-07-04 18:38:09  D:\Program Files\notepad++\session.xml is opened.
2025-07-04 18:38:09  D:\Program Files\notepad++\session.xml  40546/40546 bytes are written.
2025-07-04 18:38:09  D:\Program Files\notepad++\session.xml is closed.
2025-08-13 16:07:19  WM_QUERYENDSESSION (lParam: 0 - ordinary system shutdown/restart) =====================================
2025-08-13 16:07:19  WM_ENDSESSION (wParam: TRUE, lParam: 0 - ordinary system shutdown/restart)
2025-08-13 16:07:21  D:\Program Files\notepad++\config.xml is opened.
2025-08-13 16:07:21  D:\Program Files\notepad++\config.xml  9673/9673 bytes are written.
2025-08-13 16:07:21  D:\Program Files\notepad++\config.xml is closed.
2025-08-13 16:07:21  D:\Program Files\notepad++\session.xml is opened.
2025-08-13 16:07:21  D:\Program Files\notepad++\session.xml  44232/44232 bytes are written.
2025-08-13 16:07:21  D:\Program Files\notepad++\session.xml is closed.
2025-08-13 16:07:21  WM_DESTROY (isEndSessionStarted == true)
2025-08-19 20:39:08  WM_QUERYENDSESSION (lParam: 1073741824 - ENDSESSION_CRITICAL) =====================================
2025-08-19 20:39:09  WM_ENDSESSION (wParam: TRUE, lParam: 1073741824 - ENDSESSION_CRITICAL)
2025-08-22 11:39:39  WM_QUERYENDSESSION (lParam: 0 - ordinary system shutdown/restart) =====================================
2025-08-22 11:39:39  WM_ENDSESSION (wParam: TRUE, lParam: 0 - ordinary system shutdown/restart)
2025-08-22 11:39:41  D:\Program Files\notepad++\config.xml is opened.
2025-08-22 11:39:41  D:\Program Files\notepad++\config.xml  9201/9201 bytes are written.
2025-08-22 11:39:41  D:\Program Files\notepad++\config.xml is closed.
2025-08-22 11:39:41  D:\Program Files\notepad++\session.xml is opened.
2025-08-22 11:39:41  D:\Program Files\notepad++\session.xml  44022/44022 bytes are written.
2025-08-22 11:39:41  D:\Program Files\notepad++\session.xml is closed.
2025-08-22 11:39:41  WM_DESTROY (isEndSessionStarted == true)
2025-08-26 10:47:08  WM_QUERYENDSESSION (lParam: 0 - ordinary system shutdown/restart) =====================================
2025-08-26 10:47:08  WM_ENDSESSION (wParam: TRUE, lParam: 0 - ordinary system shutdown/restart)
2025-08-26 10:47:08  D:\Program Files\notepad++\backup\AI开发经验实操总结.txt@2025-08-26_104708 is opened.
2025-08-26 10:47:08  D:\Program Files\notepad++\backup\AI开发经验实操总结.txt@2025-08-26_104708  30577/30577 bytes are written.
2025-08-26 10:47:08  D:\Program Files\notepad++\backup\AI开发经验实操总结.txt@2025-08-26_104708 is closed.
2025-08-26 10:47:08  D:\Program Files\notepad++\session.xml is opened.
2025-08-26 10:47:08  D:\Program Files\notepad++\session.xml  44989/44989 bytes are written.
2025-08-26 10:47:08  D:\Program Files\notepad++\session.xml is closed.
2025-08-26 10:47:08  D:\Program Files\notepad++\config.xml is opened.
2025-08-26 10:47:08  D:\Program Files\notepad++\config.xml  9240/9240 bytes are written.
2025-08-26 10:47:08  D:\Program Files\notepad++\config.xml is closed.
2025-08-26 10:47:08  D:\Program Files\notepad++\session.xml is opened.
2025-08-26 10:47:08  D:\Program Files\notepad++\session.xml  44866/44866 bytes are written.
2025-08-26 10:47:08  D:\Program Files\notepad++\session.xml is closed.
2025-08-28 17:51:09  WM_QUERYENDSESSION (lParam: 1073741824 - ENDSESSION_CRITICAL) =====================================
2025-08-28 17:51:09  WM_ENDSESSION (wParam: TRUE, lParam: 1073741824 - ENDSESSION_CRITICAL)
2025-08-28 17:51:12  D:\Program Files\notepad++\config.xml is opened.
2025-08-28 17:51:12  D:\Program Files\notepad++\config.xml  9265/9265 bytes are written.
2025-08-28 17:51:12  D:\Program Files\notepad++\config.xml is closed.
2025-08-28 17:51:12  D:\Program Files\notepad++\session.xml is opened.
2025-08-28 17:51:12  D:\Program Files\notepad++\session.xml  45456/45456 bytes are written.
2025-08-28 17:51:12  D:\Program Files\notepad++\session.xml is closed.
2025-08-28 17:51:12  WM_DESTROY (isEndSessionStarted == true)
2025-09-22 16:39:28  WM_QUERYENDSESSION (lParam: 0 - ordinary system shutdown/restart) =====================================
2025-09-22 16:39:29  WM_ENDSESSION (wParam: TRUE, lParam: 0 - ordinary system shutdown/restart)
2025-09-23 13:32:40  WM_QUERYENDSESSION (lParam: 0 - ordinary system shutdown/restart) =====================================
2025-09-23 13:32:40  WM_ENDSESSION (wParam: TRUE, lParam: 0 - ordinary system shutdown/restart)
2025-09-29 21:52:32  WM_QUERYENDSESSION (lParam: 0 - ordinary system shutdown/restart) =====================================
2025-09-29 21:52:32  WM_ENDSESSION (wParam: TRUE, lParam: 0 - ordinary system shutdown/restart)
2025-10-24 19:54:23  WM_QUERYENDSESSION (lParam: 0 - ordinary system shutdown/restart) =====================================
2025-10-24 19:54:23  WM_ENDSESSION (wParam: TRUE, lParam: 0 - ordinary system shutdown/restart)
2025-12-19 16:09:40  WM_QUERYENDSESSION (lParam: 1073741824 - ENDSESSION_CRITICAL) =====================================
2025-12-19 16:09:40  WM_ENDSESSION (wParam: TRUE, lParam: 1073741824 - ENDSESSION_CRITICAL)
2025-12-19 16:09:40  D:\Program Files\notepad++\config.xml is opened.
2025-12-19 16:09:40  D:\Program Files\notepad++\config.xml  9394/9394 bytes are written.
2025-12-19 16:09:40  D:\Program Files\notepad++\config.xml is closed.
2025-12-19 16:09:40  D:\Program Files\notepad++\session.xml is opened.
2025-12-19 16:09:40  D:\Program Files\notepad++\session.xml  49756/49756 bytes are written.
2025-12-19 16:09:40  D:\Program Files\notepad++\session.xml is closed.
2025-12-25 18:16:49  WM_QUERYENDSESSION (lParam: 0 - ordinary system shutdown/restart) =====================================
2025-12-25 18:16:49  WM_ENDSESSION (wParam: TRUE, lParam: 0 - ordinary system shutdown/restart)
2025-12-25 18:16:50  D:\Program Files\notepad++\config.xml is opened.
2025-12-25 18:16:50  D:\Program Files\notepad++\config.xml  9385/9385 bytes are written.
2025-12-25 18:16:50  D:\Program Files\notepad++\config.xml is closed.
2025-12-25 18:16:50  D:\Program Files\notepad++\session.xml is opened.
2025-12-25 18:16:50  D:\Program Files\notepad++\session.xml  49867/49867 bytes are written.
2025-12-25 18:16:50  D:\Program Files\notepad++\session.xml is closed.
2026-01-07 11:37:15  WM_QUERYENDSESSION (lParam: 0 - ordinary system shutdown/restart) =====================================
2026-01-07 11:37:16  WM_ENDSESSION (wParam: TRUE, lParam: 0 - ordinary system shutdown/restart)
2026-01-07 11:37:16  D:\Program Files\notepad++\config.xml is opened.
2026-01-07 11:37:16  D:\Program Files\notepad++\config.xml  9239/9239 bytes are written.
2026-01-07 11:37:16  D:\Program Files\notepad++\config.xml is closed.
2026-01-07 11:37:16  D:\Program Files\notepad++\session.xml is opened.
2026-01-07 11:37:16  D:\Program Files\notepad++\session.xml  51338/51338 bytes are written.
2026-01-07 11:37:16  D:\Program Files\notepad++\session.xml is closed.
2026-01-20 20:01:25  WM_QUERYENDSESSION (lParam: 0 - ordinary system shutdown/restart) =====================================
2026-01-20 20:01:25  WM_ENDSESSION (wParam: TRUE, lParam: 0 - ordinary system shutdown/restart)
2026-01-20 20:01:28  D:\Program Files\notepad++\config.xml is opened.
2026-01-20 20:01:28  D:\Program Files\notepad++\config.xml  9212/9212 bytes are written.
2026-01-20 20:01:28  D:\Program Files\notepad++\config.xml is closed.
2026-01-20 20:01:28  D:\Program Files\notepad++\session.xml is opened.
2026-01-20 20:01:28  D:\Program Files\notepad++\session.xml  51700/51700 bytes are written.
2026-01-20 20:01:28  D:\Program Files\notepad++\session.xml is closed.
2026-02-05 15:15:11  WM_QUERYENDSESSION (lParam: 1073741824 - ENDSESSION_CRITICAL) =====================================
2026-02-05 15:15:11  WM_ENDSESSION (wParam: TRUE, lParam: 1073741824 - ENDSESSION_CRITICAL)
2026-02-05 15:15:14  D:\Program Files\notepad++\config.xml is opened.
2026-02-05 15:15:14  D:\Program Files\notepad++\config.xml  9207/9207 bytes are written.
2026-02-05 15:15:14  D:\Program Files\notepad++\config.xml is closed.
2026-02-05 15:15:14  D:\Program Files\notepad++\session.xml is opened.
2026-02-05 15:15:14  D:\Program Files\notepad++\session.xml  53882/53882 bytes are written.
2026-02-05 15:15:14  D:\Program Files\notepad++\session.xml is closed.
2026-02-15 18:51:55  WM_QUERYENDSESSION (lParam: 1073741824 - ENDSESSION_CRITICAL) =====================================
2026-02-15 18:51:56  WM_ENDSESSION (wParam: TRUE, lParam: 1073741824 - ENDSESSION_CRITICAL)
2026-02-15 18:51:58  D:\Program Files\notepad++\config.xml is opened.
2026-02-15 18:51:58  D:\Program Files\notepad++\config.xml  9154/9154 bytes are written.
2026-02-15 18:51:58  D:\Program Files\notepad++\config.xml is closed.
2026-02-15 18:51:58  D:\Program Files\notepad++\session.xml is opened.
2026-02-15 18:51:58  D:\Program Files\notepad++\session.xml  55543/55543 bytes are written.
2026-02-15 18:51:58  D:\Program Files\notepad++\session.xml is closed.
2026-02-24 15:29:49  WM_QUERYENDSESSION (lParam: 1073741824 - ENDSESSION_CRITICAL) =====================================
2026-02-24 15:29:49  WM_ENDSESSION (wParam: TRUE, lParam: 1073741824 - ENDSESSION_CRITICAL)
2026-02-24 15:29:50  D:\Program Files\notepad++\config.xml is opened.
2026-02-24 15:29:50  D:\Program Files\notepad++\config.xml  9164/9164 bytes are written.
2026-02-24 15:29:50  D:\Program Files\notepad++\config.xml is closed.
2026-02-24 15:29:50  D:\Program Files\notepad++\session.xml is opened.
2026-02-24 15:29:50  D:\Program Files\notepad++\session.xml  55542/55542 bytes are written.
2026-02-24 15:29:50  D:\Program Files\notepad++\session.xml is closed.
2026-03-11 14:55:27  WM_QUERYENDSESSION (lParam: 1 - ENDSESSION_CLOSEAPP) =====================================
2026-03-11 14:55:31  WM_ENDSESSION (wParam: TRUE, lParam: 1 - ENDSESSION_CLOSEAPP)
2026-03-11 14:55:32  D:\Program Files\notepad++\config.xml is opened.
2026-03-11 14:55:32  D:\Program Files\notepad++\config.xml  9190/9190 bytes are written.
2026-03-11 14:55:32  D:\Program Files\notepad++\config.xml is closed.
2026-03-11 14:55:32  WM_DESTROY (isEndSessionStarted == true)
2026-03-11 22:09:20  WM_QUERYENDSESSION (lParam: 1073741824 - ENDSESSION_CRITICAL) =====================================
2026-03-11 22:09:21  WM_ENDSESSION (wParam: TRUE, lParam: 1073741824 - ENDSESSION_CRITICAL)
2026-03-16 09:53:28  WM_QUERYENDSESSION (lParam: 0 - ordinary system shutdown/restart) =====================================
2026-03-16 09:53:29  WM_ENDSESSION (wParam: TRUE, lParam: 0 - ordinary system shutdown/restart)
2026-03-16 09:53:31  D:\Program Files\notepad++\config.xml is opened.
2026-03-16 09:53:31  D:\Program Files\notepad++\config.xml  9208/9208 bytes are written.
2026-03-16 09:53:31  D:\Program Files\notepad++\config.xml is closed.
